Archive member included to satisfy reference by file (symbol)

c:/program files (x86)/atmel/studio/7.0/toolchain/avr8/avr8-gnu-toolchain/bin/../lib/gcc/avr/5.4.0/avr5\libgcc.a(_divmodhi4.o)
                              I2C.o (__divmodhi4)
c:/program files (x86)/atmel/studio/7.0/toolchain/avr8/avr8-gnu-toolchain/bin/../lib/gcc/avr/5.4.0/avr5\libgcc.a(_udivmodsi4.o)
                              I2C.o (__udivmodsi4)
c:/program files (x86)/atmel/studio/7.0/toolchain/avr8/avr8-gnu-toolchain/bin/../lib/gcc/avr/5.4.0/avr5\libgcc.a(_exit.o)
                              C:/Program Files (x86)/Atmel/Studio/7.0/Packs/atmel/ATmega_DFP/1.2.150/gcc/dev/atmega32/avr5/crtatmega32.o (exit)
c:/program files (x86)/atmel/studio/7.0/toolchain/avr8/avr8-gnu-toolchain/bin/../lib/gcc/avr/5.4.0/avr5\libgcc.a(_tablejump2.o)
                              NVM.o (__tablejump2__)
c:/program files (x86)/atmel/studio/7.0/toolchain/avr8/avr8-gnu-toolchain/bin/../lib/gcc/avr/5.4.0/avr5\libgcc.a(_copy_data.o)
                              BTN_Cfg.o (__do_copy_data)
c:/program files (x86)/atmel/studio/7.0/toolchain/avr8/avr8-gnu-toolchain/bin/../lib/gcc/avr/5.4.0/avr5\libgcc.a(_clear_bss.o)
                              App1.o (__do_clear_bss)
c:/program files (x86)/atmel/studio/7.0/toolchain/avr8/avr8-gnu-toolchain/bin/../lib/gcc/avr/5.4.0/avr5\libgcc.a(_muluhisi3.o)
                              I2C.o (__muluhisi3)
c:/program files (x86)/atmel/studio/7.0/toolchain/avr8/avr8-gnu-toolchain/bin/../lib/gcc/avr/5.4.0/avr5\libgcc.a(_udivmodhi4.o)
                              c:/program files (x86)/atmel/studio/7.0/toolchain/avr8/avr8-gnu-toolchain/bin/../lib/gcc/avr/5.4.0/avr5\libgcc.a(_divmodhi4.o) (__udivmodhi4)
c:/program files (x86)/atmel/studio/7.0/toolchain/avr8/avr8-gnu-toolchain/bin/../lib/gcc/avr/5.4.0/avr5\libgcc.a(_umulhisi3.o)
                              c:/program files (x86)/atmel/studio/7.0/toolchain/avr8/avr8-gnu-toolchain/bin/../lib/gcc/avr/5.4.0/avr5\libgcc.a(_muluhisi3.o) (__umulhisi3)
c:/program files (x86)/atmel/studio/7.0/toolchain/avr8/avr8-gnu-toolchain/bin/../lib/gcc/avr/5.4.0/../../../../avr/lib/avr5\libc.a(memcpy.o)
                              queue.o (memcpy)
c:/program files (x86)/atmel/studio/7.0/toolchain/avr8/avr8-gnu-toolchain/bin/../lib/gcc/avr/5.4.0/../../../../avr/lib/avr5\libc.a(memset.o)
                              tasks.o (memset)
c:/program files (x86)/atmel/studio/7.0/toolchain/avr8/avr8-gnu-toolchain/bin/../lib/gcc/avr/5.4.0/../../../../avr/lib/avr5\libc.a(strncpy.o)
                              tasks.o (strncpy)
c:/program files (x86)/atmel/studio/7.0/toolchain/avr8/avr8-gnu-toolchain/bin/../lib/gcc/avr/5.4.0/../../../../avr/lib/avr5\libc.a(itoa_ncheck.o)
                              App1.o (__itoa_ncheck)
c:/program files (x86)/atmel/studio/7.0/toolchain/avr8/avr8-gnu-toolchain/bin/../lib/gcc/avr/5.4.0/../../../../avr/lib/avr5\libc.a(utoa_ncheck.o)
                              c:/program files (x86)/atmel/studio/7.0/toolchain/avr8/avr8-gnu-toolchain/bin/../lib/gcc/avr/5.4.0/../../../../avr/lib/avr5\libc.a(itoa_ncheck.o) (__utoa_common)
c:/program files (x86)/atmel/studio/7.0/toolchain/avr8/avr8-gnu-toolchain/bin/../lib/gcc/avr/5.4.0/../../../../avr/lib/avr5\libc.a(strrev.o)
                              c:/program files (x86)/atmel/studio/7.0/toolchain/avr8/avr8-gnu-toolchain/bin/../lib/gcc/avr/5.4.0/../../../../avr/lib/avr5\libc.a(utoa_ncheck.o) (strrev)

Discarded input sections

 .data          0x00000000        0x0 C:/Program Files (x86)/Atmel/Studio/7.0/Packs/atmel/ATmega_DFP/1.2.150/gcc/dev/atmega32/avr5/crtatmega32.o
 .bss           0x00000000        0x0 C:/Program Files (x86)/Atmel/Studio/7.0/Packs/atmel/ATmega_DFP/1.2.150/gcc/dev/atmega32/avr5/crtatmega32.o
 .text          0x00000000        0x0 App1.o
 .data          0x00000000        0x0 App1.o
 .bss           0x00000000        0x0 App1.o
 .text          0x00000000        0x0 App2.o
 .data          0x00000000        0x0 App2.o
 .bss           0x00000000        0x0 App2.o
 .text          0x00000000        0x0 Btn.o
 .data          0x00000000        0x0 Btn.o
 .bss           0x00000000        0x0 Btn.o
 .text          0x00000000        0x0 BTN_Cfg.o
 .data          0x00000000        0x0 BTN_Cfg.o
 .bss           0x00000000        0x0 BTN_Cfg.o
 .rodata.BUT_ConfigParam
                0x00000000        0x6 BTN_Cfg.o
 .debug_info    0x00000000       0xac BTN_Cfg.o
 .debug_abbrev  0x00000000       0x86 BTN_Cfg.o
 .debug_aranges
                0x00000000       0x18 BTN_Cfg.o
 .debug_line    0x00000000       0x35 BTN_Cfg.o
 .debug_str     0x00000000      0x18b BTN_Cfg.o
 .comment       0x00000000       0x31 BTN_Cfg.o
 .text          0x00000000        0x0 croutine.o
 .data          0x00000000        0x0 croutine.o
 .bss           0x00000000        0x0 croutine.o
 .text.xCoRoutineCreate
                0x00000000       0xf0 croutine.o
 .text.vCoRoutineAddToDelayedList
                0x00000000       0x86 croutine.o
 .text.vCoRoutineSchedule
                0x00000000      0x274 croutine.o
 .text.xCoRoutineRemoveFromEventList
                0x00000000       0x4a croutine.o
 .bss.xPassedTicks
                0x00000000        0x2 croutine.o
 .bss.xLastTickCount
                0x00000000        0x2 croutine.o
 .bss.xCoRoutineTickCount
                0x00000000        0x2 croutine.o
 .bss.uxTopCoRoutineReadyPriority
                0x00000000        0x1 croutine.o
 .bss.pxCurrentCoRoutine
                0x00000000        0x2 croutine.o
 .bss.xPendingReadyCoRoutineList
                0x00000000        0x9 croutine.o
 .bss.pxOverflowDelayedCoRoutineList
                0x00000000        0x2 croutine.o
 .bss.pxDelayedCoRoutineList
                0x00000000        0x2 croutine.o
 .bss.xDelayedCoRoutineList2
                0x00000000        0x9 croutine.o
 .bss.xDelayedCoRoutineList1
                0x00000000        0x9 croutine.o
 .bss.pxReadyCoRoutineLists
                0x00000000       0x12 croutine.o
 .debug_info    0x00000000      0x774 croutine.o
 .debug_abbrev  0x00000000      0x232 croutine.o
 .debug_loc     0x00000000      0x3eb croutine.o
 .debug_aranges
                0x00000000       0x38 croutine.o
 .debug_ranges  0x00000000       0x28 croutine.o
 .debug_line    0x00000000      0x2a9 croutine.o
 .debug_str     0x00000000      0x548 croutine.o
 .comment       0x00000000       0x31 croutine.o
 .debug_frame   0x00000000       0xc0 croutine.o
 .text          0x00000000        0x0 DIO.o
 .data          0x00000000        0x0 DIO.o
 .bss           0x00000000        0x0 DIO.o
 .text.DIO_Read
                0x00000000       0x2c DIO.o
 .text          0x00000000        0x0 DIO_Cfg.o
 .data          0x00000000        0x0 DIO_Cfg.o
 .bss           0x00000000        0x0 DIO_Cfg.o
 .text          0x00000000        0x0 EEPROM_EXT.o
 .data          0x00000000        0x0 EEPROM_EXT.o
 .bss           0x00000000        0x0 EEPROM_EXT.o
 .text          0x00000000        0x0 EEPROM_EXT_Cfg.o
 .data          0x00000000        0x0 EEPROM_EXT_Cfg.o
 .bss           0x00000000        0x0 EEPROM_EXT_Cfg.o
 .text          0x00000000        0x0 EEPROM_INT.o
 .data          0x00000000        0x0 EEPROM_INT.o
 .bss           0x00000000        0x0 EEPROM_INT.o
 .text          0x00000000        0x0 EEPROM_INT_Cfg.o
 .data          0x00000000        0x0 EEPROM_INT_Cfg.o
 .bss           0x00000000        0x0 EEPROM_INT_Cfg.o
 .text          0x00000000        0x0 heap_1.o
 .data          0x00000000        0x0 heap_1.o
 .bss           0x00000000        0x0 heap_1.o
 .text.vPortInitialiseBlocks
                0x00000000        0xa heap_1.o
 .text.xPortGetFreeHeapSize
                0x00000000       0x12 heap_1.o
 .text          0x00000000        0x0 I2C.o
 .data          0x00000000        0x0 I2C.o
 .bss           0x00000000        0x0 I2C.o
 .text.I2C_Stop
                0x00000000        0x6 I2C.o
 .text          0x00000000        0x0 I2C_Cfg.o
 .data          0x00000000        0x0 I2C_Cfg.o
 .bss           0x00000000        0x0 I2C_Cfg.o
 .text          0x00000000        0x0 lcd_4bit.o
 .data          0x00000000        0x0 lcd_4bit.o
 .bss           0x00000000        0x0 lcd_4bit.o
 .text.lcd_disp_string_xy
                0x00000000       0x1a lcd_4bit.o
 .text          0x00000000        0x0 list.o
 .data          0x00000000        0x0 list.o
 .bss           0x00000000        0x0 list.o
 .text          0x00000000        0x0 main.o
 .data          0x00000000        0x0 main.o
 .bss           0x00000000        0x0 main.o
 .text.Main_Init
                0x00000000        0xe main.o
 .text          0x00000000        0x0 MEM_IF.o
 .data          0x00000000        0x0 MEM_IF.o
 .bss           0x00000000        0x0 MEM_IF.o
 .text          0x00000000        0x0 MEM_IF_Cfg.o
 .data          0x00000000        0x0 MEM_IF_Cfg.o
 .bss           0x00000000        0x0 MEM_IF_Cfg.o
 .text          0x00000000        0x0 NVM.o
 .data          0x00000000        0x0 NVM.o
 .bss           0x00000000        0x0 NVM.o
 .text          0x00000000        0x0 NVM_Cfg.o
 .data          0x00000000        0x0 NVM_Cfg.o
 .bss           0x00000000        0x0 NVM_Cfg.o
 .text          0x00000000        0x0 NVM_USER.o
 .data          0x00000000        0x0 NVM_USER.o
 .bss           0x00000000        0x0 NVM_USER.o
 .text          0x00000000        0x0 port.o
 .data          0x00000000        0x0 port.o
 .bss           0x00000000        0x0 port.o
 .text.vPortEndScheduler
                0x00000000        0x2 port.o
 .text          0x00000000        0x0 queue.o
 .data          0x00000000        0x0 queue.o
 .bss           0x00000000        0x0 queue.o
 .text.prvCopyDataToQueue
                0x00000000       0x82 queue.o
 .text.prvCopyDataFromQueue
                0x00000000       0x34 queue.o
 .text.prvUnlockQueue
                0x00000000       0x94 queue.o
 .text.xQueueCreate
                0x00000000       0xa0 queue.o
 .text.xQueueGenericSend
                0x00000000      0x134 queue.o
 .text.xQueueGenericSendFromISR
                0x00000000       0x58 queue.o
 .text.xQueueGenericReceive
                0x00000000      0x158 queue.o
 .text.xQueueReceiveFromISR
                0x00000000       0x5a queue.o
 .text.uxQueueMessagesWaiting
                0x00000000       0x10 queue.o
 .text.uxQueueMessagesWaitingFromISR
                0x00000000        0x6 queue.o
 .text.vQueueDelete
                0x00000000       0x1a queue.o
 .text.xQueueIsQueueEmptyFromISR
                0x00000000        0xc queue.o
 .text.xQueueIsQueueFullFromISR
                0x00000000        0xe queue.o
 .debug_info    0x00000000      0xc1d queue.o
 .debug_abbrev  0x00000000      0x22c queue.o
 .debug_loc     0x00000000      0xc58 queue.o
 .debug_aranges
                0x00000000       0x80 queue.o
 .debug_ranges  0x00000000       0x70 queue.o
 .debug_line    0x00000000      0x607 queue.o
 .debug_str     0x00000000      0x607 queue.o
 .comment       0x00000000       0x31 queue.o
 .debug_frame   0x00000000      0x1e0 queue.o
 .text          0x00000000        0x0 tasks.o
 .data          0x00000000        0x0 tasks.o
 .bss           0x00000000        0x0 tasks.o
 .text.vTaskDelete
                0x00000000       0x92 tasks.o
 .text.vTaskEndScheduler
                0x00000000        0xc tasks.o
 .text.xTaskGetTickCount
                0x00000000       0x14 tasks.o
 .text.xTaskGetTickCountFromISR
                0x00000000        0xa tasks.o
 .text.uxTaskGetNumberOfTasks
                0x00000000        0x6 tasks.o
 .text.vTaskDelayUntil
                0x00000000       0x94 tasks.o
 .text.vTaskPlaceOnEventList
                0x00000000       0x3a tasks.o
 .text.xTaskRemoveFromEventList
                0x00000000       0x8a tasks.o
 .text.vTaskSetTimeOutState
                0x00000000       0x16 tasks.o
 .text.xTaskCheckForTimeOut
                0x00000000       0x6e tasks.o
 .text.vTaskMissedYield
                0x00000000        0x8 tasks.o
 .text          0x00000000        0x0 timers.o
 .data          0x00000000        0x0 timers.o
 .bss           0x00000000        0x0 timers.o
 .debug_info    0x00000000       0x6b timers.o
 .debug_abbrev  0x00000000       0x26 timers.o
 .debug_aranges
                0x00000000       0x18 timers.o
 .debug_line    0x00000000       0x1a timers.o
 .debug_str     0x00000000      0x19e timers.o
 .comment       0x00000000       0x31 timers.o
 .text          0x00000000        0x0 c:/program files (x86)/atmel/studio/7.0/toolchain/avr8/avr8-gnu-toolchain/bin/../lib/gcc/avr/5.4.0/avr5\libgcc.a(_divmodhi4.o)
 .data          0x00000000        0x0 c:/program files (x86)/atmel/studio/7.0/toolchain/avr8/avr8-gnu-toolchain/bin/../lib/gcc/avr/5.4.0/avr5\libgcc.a(_divmodhi4.o)
 .bss           0x00000000        0x0 c:/program files (x86)/atmel/studio/7.0/toolchain/avr8/avr8-gnu-toolchain/bin/../lib/gcc/avr/5.4.0/avr5\libgcc.a(_divmodhi4.o)
 .text.libgcc.mul
                0x00000000        0x0 c:/program files (x86)/atmel/studio/7.0/toolchain/avr8/avr8-gnu-toolchain/bin/../lib/gcc/avr/5.4.0/avr5\libgcc.a(_divmodhi4.o)
 .text.libgcc   0x00000000        0x0 c:/program files (x86)/atmel/studio/7.0/toolchain/avr8/avr8-gnu-toolchain/bin/../lib/gcc/avr/5.4.0/avr5\libgcc.a(_divmodhi4.o)
 .text.libgcc.prologue
                0x00000000        0x0 c:/program files (x86)/atmel/studio/7.0/toolchain/avr8/avr8-gnu-toolchain/bin/../lib/gcc/avr/5.4.0/avr5\libgcc.a(_divmodhi4.o)
 .text.libgcc.builtins
                0x00000000        0x0 c:/program files (x86)/atmel/studio/7.0/toolchain/avr8/avr8-gnu-toolchain/bin/../lib/gcc/avr/5.4.0/avr5\libgcc.a(_divmodhi4.o)
 .text.libgcc.fmul
                0x00000000        0x0 c:/program files (x86)/atmel/studio/7.0/toolchain/avr8/avr8-gnu-toolchain/bin/../lib/gcc/avr/5.4.0/avr5\libgcc.a(_divmodhi4.o)
 .text.libgcc.fixed
                0x00000000        0x0 c:/program files (x86)/atmel/studio/7.0/toolchain/avr8/avr8-gnu-toolchain/bin/../lib/gcc/avr/5.4.0/avr5\libgcc.a(_divmodhi4.o)
 .text          0x00000000        0x0 c:/program files (x86)/atmel/studio/7.0/toolchain/avr8/avr8-gnu-toolchain/bin/../lib/gcc/avr/5.4.0/avr5\libgcc.a(_udivmodsi4.o)
 .data          0x00000000        0x0 c:/program files (x86)/atmel/studio/7.0/toolchain/avr8/avr8-gnu-toolchain/bin/../lib/gcc/avr/5.4.0/avr5\libgcc.a(_udivmodsi4.o)
 .bss           0x00000000        0x0 c:/program files (x86)/atmel/studio/7.0/toolchain/avr8/avr8-gnu-toolchain/bin/../lib/gcc/avr/5.4.0/avr5\libgcc.a(_udivmodsi4.o)
 .text.libgcc.mul
                0x00000000        0x0 c:/program files (x86)/atmel/studio/7.0/toolchain/avr8/avr8-gnu-toolchain/bin/../lib/gcc/avr/5.4.0/avr5\libgcc.a(_udivmodsi4.o)
 .text.libgcc   0x00000000        0x0 c:/program files (x86)/atmel/studio/7.0/toolchain/avr8/avr8-gnu-toolchain/bin/../lib/gcc/avr/5.4.0/avr5\libgcc.a(_udivmodsi4.o)
 .text.libgcc.prologue
                0x00000000        0x0 c:/program files (x86)/atmel/studio/7.0/toolchain/avr8/avr8-gnu-toolchain/bin/../lib/gcc/avr/5.4.0/avr5\libgcc.a(_udivmodsi4.o)
 .text.libgcc.builtins
                0x00000000        0x0 c:/program files (x86)/atmel/studio/7.0/toolchain/avr8/avr8-gnu-toolchain/bin/../lib/gcc/avr/5.4.0/avr5\libgcc.a(_udivmodsi4.o)
 .text.libgcc.fmul
                0x00000000        0x0 c:/program files (x86)/atmel/studio/7.0/toolchain/avr8/avr8-gnu-toolchain/bin/../lib/gcc/avr/5.4.0/avr5\libgcc.a(_udivmodsi4.o)
 .text.libgcc.fixed
                0x00000000        0x0 c:/program files (x86)/atmel/studio/7.0/toolchain/avr8/avr8-gnu-toolchain/bin/../lib/gcc/avr/5.4.0/avr5\libgcc.a(_udivmodsi4.o)
 .text          0x00000000        0x0 c:/program files (x86)/atmel/studio/7.0/toolchain/avr8/avr8-gnu-toolchain/bin/../lib/gcc/avr/5.4.0/avr5\libgcc.a(_exit.o)
 .data          0x00000000        0x0 c:/program files (x86)/atmel/studio/7.0/toolchain/avr8/avr8-gnu-toolchain/bin/../lib/gcc/avr/5.4.0/avr5\libgcc.a(_exit.o)
 .bss           0x00000000        0x0 c:/program files (x86)/atmel/studio/7.0/toolchain/avr8/avr8-gnu-toolchain/bin/../lib/gcc/avr/5.4.0/avr5\libgcc.a(_exit.o)
 .text.libgcc.mul
                0x00000000        0x0 c:/program files (x86)/atmel/studio/7.0/toolchain/avr8/avr8-gnu-toolchain/bin/../lib/gcc/avr/5.4.0/avr5\libgcc.a(_exit.o)
 .text.libgcc.div
                0x00000000        0x0 c:/program files (x86)/atmel/studio/7.0/toolchain/avr8/avr8-gnu-toolchain/bin/../lib/gcc/avr/5.4.0/avr5\libgcc.a(_exit.o)
 .text.libgcc   0x00000000        0x0 c:/program files (x86)/atmel/studio/7.0/toolchain/avr8/avr8-gnu-toolchain/bin/../lib/gcc/avr/5.4.0/avr5\libgcc.a(_exit.o)
 .text.libgcc.prologue
                0x00000000        0x0 c:/program files (x86)/atmel/studio/7.0/toolchain/avr8/avr8-gnu-toolchain/bin/../lib/gcc/avr/5.4.0/avr5\libgcc.a(_exit.o)
 .text.libgcc.builtins
                0x00000000        0x0 c:/program files (x86)/atmel/studio/7.0/toolchain/avr8/avr8-gnu-toolchain/bin/../lib/gcc/avr/5.4.0/avr5\libgcc.a(_exit.o)
 .text.libgcc.fmul
                0x00000000        0x0 c:/program files (x86)/atmel/studio/7.0/toolchain/avr8/avr8-gnu-toolchain/bin/../lib/gcc/avr/5.4.0/avr5\libgcc.a(_exit.o)
 .text.libgcc.fixed
                0x00000000        0x0 c:/program files (x86)/atmel/studio/7.0/toolchain/avr8/avr8-gnu-toolchain/bin/../lib/gcc/avr/5.4.0/avr5\libgcc.a(_exit.o)
 .text          0x00000000        0x0 c:/program files (x86)/atmel/studio/7.0/toolchain/avr8/avr8-gnu-toolchain/bin/../lib/gcc/avr/5.4.0/avr5\libgcc.a(_tablejump2.o)
 .data          0x00000000        0x0 c:/program files (x86)/atmel/studio/7.0/toolchain/avr8/avr8-gnu-toolchain/bin/../lib/gcc/avr/5.4.0/avr5\libgcc.a(_tablejump2.o)
 .bss           0x00000000        0x0 c:/program files (x86)/atmel/studio/7.0/toolchain/avr8/avr8-gnu-toolchain/bin/../lib/gcc/avr/5.4.0/avr5\libgcc.a(_tablejump2.o)
 .text.libgcc.mul
                0x00000000        0x0 c:/program files (x86)/atmel/studio/7.0/toolchain/avr8/avr8-gnu-toolchain/bin/../lib/gcc/avr/5.4.0/avr5\libgcc.a(_tablejump2.o)
 .text.libgcc.div
                0x00000000        0x0 c:/program files (x86)/atmel/studio/7.0/toolchain/avr8/avr8-gnu-toolchain/bin/../lib/gcc/avr/5.4.0/avr5\libgcc.a(_tablejump2.o)
 .text.libgcc.prologue
                0x00000000        0x0 c:/program files (x86)/atmel/studio/7.0/toolchain/avr8/avr8-gnu-toolchain/bin/../lib/gcc/avr/5.4.0/avr5\libgcc.a(_tablejump2.o)
 .text.libgcc.builtins
                0x00000000        0x0 c:/program files (x86)/atmel/studio/7.0/toolchain/avr8/avr8-gnu-toolchain/bin/../lib/gcc/avr/5.4.0/avr5\libgcc.a(_tablejump2.o)
 .text.libgcc.fmul
                0x00000000        0x0 c:/program files (x86)/atmel/studio/7.0/toolchain/avr8/avr8-gnu-toolchain/bin/../lib/gcc/avr/5.4.0/avr5\libgcc.a(_tablejump2.o)
 .text.libgcc.fixed
                0x00000000        0x0 c:/program files (x86)/atmel/studio/7.0/toolchain/avr8/avr8-gnu-toolchain/bin/../lib/gcc/avr/5.4.0/avr5\libgcc.a(_tablejump2.o)
 .text          0x00000000        0x0 c:/program files (x86)/atmel/studio/7.0/toolchain/avr8/avr8-gnu-toolchain/bin/../lib/gcc/avr/5.4.0/avr5\libgcc.a(_copy_data.o)
 .data          0x00000000        0x0 c:/program files (x86)/atmel/studio/7.0/toolchain/avr8/avr8-gnu-toolchain/bin/../lib/gcc/avr/5.4.0/avr5\libgcc.a(_copy_data.o)
 .bss           0x00000000        0x0 c:/program files (x86)/atmel/studio/7.0/toolchain/avr8/avr8-gnu-toolchain/bin/../lib/gcc/avr/5.4.0/avr5\libgcc.a(_copy_data.o)
 .text.libgcc.mul
                0x00000000        0x0 c:/program files (x86)/atmel/studio/7.0/toolchain/avr8/avr8-gnu-toolchain/bin/../lib/gcc/avr/5.4.0/avr5\libgcc.a(_copy_data.o)
 .text.libgcc.div
                0x00000000        0x0 c:/program files (x86)/atmel/studio/7.0/toolchain/avr8/avr8-gnu-toolchain/bin/../lib/gcc/avr/5.4.0/avr5\libgcc.a(_copy_data.o)
 .text.libgcc   0x00000000        0x0 c:/program files (x86)/atmel/studio/7.0/toolchain/avr8/avr8-gnu-toolchain/bin/../lib/gcc/avr/5.4.0/avr5\libgcc.a(_copy_data.o)
 .text.libgcc.prologue
                0x00000000        0x0 c:/program files (x86)/atmel/studio/7.0/toolchain/avr8/avr8-gnu-toolchain/bin/../lib/gcc/avr/5.4.0/avr5\libgcc.a(_copy_data.o)
 .text.libgcc.builtins
                0x00000000        0x0 c:/program files (x86)/atmel/studio/7.0/toolchain/avr8/avr8-gnu-toolchain/bin/../lib/gcc/avr/5.4.0/avr5\libgcc.a(_copy_data.o)
 .text.libgcc.fmul
                0x00000000        0x0 c:/program files (x86)/atmel/studio/7.0/toolchain/avr8/avr8-gnu-toolchain/bin/../lib/gcc/avr/5.4.0/avr5\libgcc.a(_copy_data.o)
 .text.libgcc.fixed
                0x00000000        0x0 c:/program files (x86)/atmel/studio/7.0/toolchain/avr8/avr8-gnu-toolchain/bin/../lib/gcc/avr/5.4.0/avr5\libgcc.a(_copy_data.o)
 .text          0x00000000        0x0 c:/program files (x86)/atmel/studio/7.0/toolchain/avr8/avr8-gnu-toolchain/bin/../lib/gcc/avr/5.4.0/avr5\libgcc.a(_clear_bss.o)
 .data          0x00000000        0x0 c:/program files (x86)/atmel/studio/7.0/toolchain/avr8/avr8-gnu-toolchain/bin/../lib/gcc/avr/5.4.0/avr5\libgcc.a(_clear_bss.o)
 .bss           0x00000000        0x0 c:/program files (x86)/atmel/studio/7.0/toolchain/avr8/avr8-gnu-toolchain/bin/../lib/gcc/avr/5.4.0/avr5\libgcc.a(_clear_bss.o)
 .text.libgcc.mul
                0x00000000        0x0 c:/program files (x86)/atmel/studio/7.0/toolchain/avr8/avr8-gnu-toolchain/bin/../lib/gcc/avr/5.4.0/avr5\libgcc.a(_clear_bss.o)
 .text.libgcc.div
                0x00000000        0x0 c:/program files (x86)/atmel/studio/7.0/toolchain/avr8/avr8-gnu-toolchain/bin/../lib/gcc/avr/5.4.0/avr5\libgcc.a(_clear_bss.o)
 .text.libgcc   0x00000000        0x0 c:/program files (x86)/atmel/studio/7.0/toolchain/avr8/avr8-gnu-toolchain/bin/../lib/gcc/avr/5.4.0/avr5\libgcc.a(_clear_bss.o)
 .text.libgcc.prologue
                0x00000000        0x0 c:/program files (x86)/atmel/studio/7.0/toolchain/avr8/avr8-gnu-toolchain/bin/../lib/gcc/avr/5.4.0/avr5\libgcc.a(_clear_bss.o)
 .text.libgcc.builtins
                0x00000000        0x0 c:/program files (x86)/atmel/studio/7.0/toolchain/avr8/avr8-gnu-toolchain/bin/../lib/gcc/avr/5.4.0/avr5\libgcc.a(_clear_bss.o)
 .text.libgcc.fmul
                0x00000000        0x0 c:/program files (x86)/atmel/studio/7.0/toolchain/avr8/avr8-gnu-toolchain/bin/../lib/gcc/avr/5.4.0/avr5\libgcc.a(_clear_bss.o)
 .text.libgcc.fixed
                0x00000000        0x0 c:/program files (x86)/atmel/studio/7.0/toolchain/avr8/avr8-gnu-toolchain/bin/../lib/gcc/avr/5.4.0/avr5\libgcc.a(_clear_bss.o)
 .text          0x00000000        0x0 c:/program files (x86)/atmel/studio/7.0/toolchain/avr8/avr8-gnu-toolchain/bin/../lib/gcc/avr/5.4.0/avr5\libgcc.a(_muluhisi3.o)
 .data          0x00000000        0x0 c:/program files (x86)/atmel/studio/7.0/toolchain/avr8/avr8-gnu-toolchain/bin/../lib/gcc/avr/5.4.0/avr5\libgcc.a(_muluhisi3.o)
 .bss           0x00000000        0x0 c:/program files (x86)/atmel/studio/7.0/toolchain/avr8/avr8-gnu-toolchain/bin/../lib/gcc/avr/5.4.0/avr5\libgcc.a(_muluhisi3.o)
 .text.libgcc.div
                0x00000000        0x0 c:/program files (x86)/atmel/studio/7.0/toolchain/avr8/avr8-gnu-toolchain/bin/../lib/gcc/avr/5.4.0/avr5\libgcc.a(_muluhisi3.o)
 .text.libgcc   0x00000000        0x0 c:/program files (x86)/atmel/studio/7.0/toolchain/avr8/avr8-gnu-toolchain/bin/../lib/gcc/avr/5.4.0/avr5\libgcc.a(_muluhisi3.o)
 .text.libgcc.prologue
                0x00000000        0x0 c:/program files (x86)/atmel/studio/7.0/toolchain/avr8/avr8-gnu-toolchain/bin/../lib/gcc/avr/5.4.0/avr5\libgcc.a(_muluhisi3.o)
 .text.libgcc.builtins
                0x00000000        0x0 c:/program files (x86)/atmel/studio/7.0/toolchain/avr8/avr8-gnu-toolchain/bin/../lib/gcc/avr/5.4.0/avr5\libgcc.a(_muluhisi3.o)
 .text.libgcc.fmul
                0x00000000        0x0 c:/program files (x86)/atmel/studio/7.0/toolchain/avr8/avr8-gnu-toolchain/bin/../lib/gcc/avr/5.4.0/avr5\libgcc.a(_muluhisi3.o)
 .text.libgcc.fixed
                0x00000000        0x0 c:/program files (x86)/atmel/studio/7.0/toolchain/avr8/avr8-gnu-toolchain/bin/../lib/gcc/avr/5.4.0/avr5\libgcc.a(_muluhisi3.o)
 .text          0x00000000        0x0 c:/program files (x86)/atmel/studio/7.0/toolchain/avr8/avr8-gnu-toolchain/bin/../lib/gcc/avr/5.4.0/avr5\libgcc.a(_udivmodhi4.o)
 .data          0x00000000        0x0 c:/program files (x86)/atmel/studio/7.0/toolchain/avr8/avr8-gnu-toolchain/bin/../lib/gcc/avr/5.4.0/avr5\libgcc.a(_udivmodhi4.o)
 .bss           0x00000000        0x0 c:/program files (x86)/atmel/studio/7.0/toolchain/avr8/avr8-gnu-toolchain/bin/../lib/gcc/avr/5.4.0/avr5\libgcc.a(_udivmodhi4.o)
 .text.libgcc.mul
                0x00000000        0x0 c:/program files (x86)/atmel/studio/7.0/toolchain/avr8/avr8-gnu-toolchain/bin/../lib/gcc/avr/5.4.0/avr5\libgcc.a(_udivmodhi4.o)
 .text.libgcc   0x00000000        0x0 c:/program files (x86)/atmel/studio/7.0/toolchain/avr8/avr8-gnu-toolchain/bin/../lib/gcc/avr/5.4.0/avr5\libgcc.a(_udivmodhi4.o)
 .text.libgcc.prologue
                0x00000000        0x0 c:/program files (x86)/atmel/studio/7.0/toolchain/avr8/avr8-gnu-toolchain/bin/../lib/gcc/avr/5.4.0/avr5\libgcc.a(_udivmodhi4.o)
 .text.libgcc.builtins
                0x00000000        0x0 c:/program files (x86)/atmel/studio/7.0/toolchain/avr8/avr8-gnu-toolchain/bin/../lib/gcc/avr/5.4.0/avr5\libgcc.a(_udivmodhi4.o)
 .text.libgcc.fmul
                0x00000000        0x0 c:/program files (x86)/atmel/studio/7.0/toolchain/avr8/avr8-gnu-toolchain/bin/../lib/gcc/avr/5.4.0/avr5\libgcc.a(_udivmodhi4.o)
 .text.libgcc.fixed
                0x00000000        0x0 c:/program files (x86)/atmel/studio/7.0/toolchain/avr8/avr8-gnu-toolchain/bin/../lib/gcc/avr/5.4.0/avr5\libgcc.a(_udivmodhi4.o)
 .text          0x00000000        0x0 c:/program files (x86)/atmel/studio/7.0/toolchain/avr8/avr8-gnu-toolchain/bin/../lib/gcc/avr/5.4.0/avr5\libgcc.a(_umulhisi3.o)
 .data          0x00000000        0x0 c:/program files (x86)/atmel/studio/7.0/toolchain/avr8/avr8-gnu-toolchain/bin/../lib/gcc/avr/5.4.0/avr5\libgcc.a(_umulhisi3.o)
 .bss           0x00000000        0x0 c:/program files (x86)/atmel/studio/7.0/toolchain/avr8/avr8-gnu-toolchain/bin/../lib/gcc/avr/5.4.0/avr5\libgcc.a(_umulhisi3.o)
 .text.libgcc.div
                0x00000000        0x0 c:/program files (x86)/atmel/studio/7.0/toolchain/avr8/avr8-gnu-toolchain/bin/../lib/gcc/avr/5.4.0/avr5\libgcc.a(_umulhisi3.o)
 .text.libgcc   0x00000000        0x0 c:/program files (x86)/atmel/studio/7.0/toolchain/avr8/avr8-gnu-toolchain/bin/../lib/gcc/avr/5.4.0/avr5\libgcc.a(_umulhisi3.o)
 .text.libgcc.prologue
                0x00000000        0x0 c:/program files (x86)/atmel/studio/7.0/toolchain/avr8/avr8-gnu-toolchain/bin/../lib/gcc/avr/5.4.0/avr5\libgcc.a(_umulhisi3.o)
 .text.libgcc.builtins
                0x00000000        0x0 c:/program files (x86)/atmel/studio/7.0/toolchain/avr8/avr8-gnu-toolchain/bin/../lib/gcc/avr/5.4.0/avr5\libgcc.a(_umulhisi3.o)
 .text.libgcc.fmul
                0x00000000        0x0 c:/program files (x86)/atmel/studio/7.0/toolchain/avr8/avr8-gnu-toolchain/bin/../lib/gcc/avr/5.4.0/avr5\libgcc.a(_umulhisi3.o)
 .text.libgcc.fixed
                0x00000000        0x0 c:/program files (x86)/atmel/studio/7.0/toolchain/avr8/avr8-gnu-toolchain/bin/../lib/gcc/avr/5.4.0/avr5\libgcc.a(_umulhisi3.o)
 .text          0x00000000        0x0 c:/program files (x86)/atmel/studio/7.0/toolchain/avr8/avr8-gnu-toolchain/bin/../lib/gcc/avr/5.4.0/../../../../avr/lib/avr5\libc.a(memcpy.o)
 .data          0x00000000        0x0 c:/program files (x86)/atmel/studio/7.0/toolchain/avr8/avr8-gnu-toolchain/bin/../lib/gcc/avr/5.4.0/../../../../avr/lib/avr5\libc.a(memcpy.o)
 .bss           0x00000000        0x0 c:/program files (x86)/atmel/studio/7.0/toolchain/avr8/avr8-gnu-toolchain/bin/../lib/gcc/avr/5.4.0/../../../../avr/lib/avr5\libc.a(memcpy.o)
 .text.avr-libc
                0x00000000       0x12 c:/program files (x86)/atmel/studio/7.0/toolchain/avr8/avr8-gnu-toolchain/bin/../lib/gcc/avr/5.4.0/../../../../avr/lib/avr5\libc.a(memcpy.o)
 .text          0x00000000        0x0 c:/program files (x86)/atmel/studio/7.0/toolchain/avr8/avr8-gnu-toolchain/bin/../lib/gcc/avr/5.4.0/../../../../avr/lib/avr5\libc.a(memset.o)
 .data          0x00000000        0x0 c:/program files (x86)/atmel/studio/7.0/toolchain/avr8/avr8-gnu-toolchain/bin/../lib/gcc/avr/5.4.0/../../../../avr/lib/avr5\libc.a(memset.o)
 .bss           0x00000000        0x0 c:/program files (x86)/atmel/studio/7.0/toolchain/avr8/avr8-gnu-toolchain/bin/../lib/gcc/avr/5.4.0/../../../../avr/lib/avr5\libc.a(memset.o)
 .text          0x00000000        0x0 c:/program files (x86)/atmel/studio/7.0/toolchain/avr8/avr8-gnu-toolchain/bin/../lib/gcc/avr/5.4.0/../../../../avr/lib/avr5\libc.a(strncpy.o)
 .data          0x00000000        0x0 c:/program files (x86)/atmel/studio/7.0/toolchain/avr8/avr8-gnu-toolchain/bin/../lib/gcc/avr/5.4.0/../../../../avr/lib/avr5\libc.a(strncpy.o)
 .bss           0x00000000        0x0 c:/program files (x86)/atmel/studio/7.0/toolchain/avr8/avr8-gnu-toolchain/bin/../lib/gcc/avr/5.4.0/../../../../avr/lib/avr5\libc.a(strncpy.o)
 .text          0x00000000        0x0 c:/program files (x86)/atmel/studio/7.0/toolchain/avr8/avr8-gnu-toolchain/bin/../lib/gcc/avr/5.4.0/../../../../avr/lib/avr5\libc.a(itoa_ncheck.o)
 .data          0x00000000        0x0 c:/program files (x86)/atmel/studio/7.0/toolchain/avr8/avr8-gnu-toolchain/bin/../lib/gcc/avr/5.4.0/../../../../avr/lib/avr5\libc.a(itoa_ncheck.o)
 .bss           0x00000000        0x0 c:/program files (x86)/atmel/studio/7.0/toolchain/avr8/avr8-gnu-toolchain/bin/../lib/gcc/avr/5.4.0/../../../../avr/lib/avr5\libc.a(itoa_ncheck.o)
 .text          0x00000000        0x0 c:/program files (x86)/atmel/studio/7.0/toolchain/avr8/avr8-gnu-toolchain/bin/../lib/gcc/avr/5.4.0/../../../../avr/lib/avr5\libc.a(utoa_ncheck.o)
 .data          0x00000000        0x0 c:/program files (x86)/atmel/studio/7.0/toolchain/avr8/avr8-gnu-toolchain/bin/../lib/gcc/avr/5.4.0/../../../../avr/lib/avr5\libc.a(utoa_ncheck.o)
 .bss           0x00000000        0x0 c:/program files (x86)/atmel/studio/7.0/toolchain/avr8/avr8-gnu-toolchain/bin/../lib/gcc/avr/5.4.0/../../../../avr/lib/avr5\libc.a(utoa_ncheck.o)
 .text          0x00000000        0x0 c:/program files (x86)/atmel/studio/7.0/toolchain/avr8/avr8-gnu-toolchain/bin/../lib/gcc/avr/5.4.0/../../../../avr/lib/avr5\libc.a(strrev.o)
 .data          0x00000000        0x0 c:/program files (x86)/atmel/studio/7.0/toolchain/avr8/avr8-gnu-toolchain/bin/../lib/gcc/avr/5.4.0/../../../../avr/lib/avr5\libc.a(strrev.o)
 .bss           0x00000000        0x0 c:/program files (x86)/atmel/studio/7.0/toolchain/avr8/avr8-gnu-toolchain/bin/../lib/gcc/avr/5.4.0/../../../../avr/lib/avr5\libc.a(strrev.o)

Memory Configuration

Name             Origin             Length             Attributes
text             0x00000000         0x00020000         xr
data             0x00800060         0x0000ffa0         rw !x
eeprom           0x00810000         0x00010000         rw !x
fuse             0x00820000         0x00000002         rw !x
lock             0x00830000         0x00000400         rw !x
signature        0x00840000         0x00000400         rw !x
user_signatures  0x00850000         0x00000400         rw !x
*default*        0x00000000         0xffffffff

Linker script and memory map

LOAD C:/Program Files (x86)/Atmel/Studio/7.0/Packs/atmel/ATmega_DFP/1.2.150/gcc/dev/atmega32/avr5/crtatmega32.o
LOAD App1.o
LOAD App2.o
LOAD Btn.o
LOAD BTN_Cfg.o
LOAD croutine.o
LOAD DIO.o
LOAD DIO_Cfg.o
LOAD EEPROM_EXT.o
LOAD EEPROM_EXT_Cfg.o
LOAD EEPROM_INT.o
LOAD EEPROM_INT_Cfg.o
LOAD heap_1.o
LOAD I2C.o
LOAD I2C_Cfg.o
LOAD lcd_4bit.o
LOAD list.o
LOAD main.o
LOAD MEM_IF.o
LOAD MEM_IF_Cfg.o
LOAD NVM.o
LOAD NVM_Cfg.o
LOAD NVM_USER.o
LOAD port.o
LOAD queue.o
LOAD tasks.o
LOAD timers.o
START GROUP
END GROUP
START GROUP
LOAD c:/program files (x86)/atmel/studio/7.0/toolchain/avr8/avr8-gnu-toolchain/bin/../lib/gcc/avr/5.4.0/avr5\libgcc.a
LOAD c:/program files (x86)/atmel/studio/7.0/toolchain/avr8/avr8-gnu-toolchain/bin/../lib/gcc/avr/5.4.0/../../../../avr/lib/avr5\libm.a
LOAD c:/program files (x86)/atmel/studio/7.0/toolchain/avr8/avr8-gnu-toolchain/bin/../lib/gcc/avr/5.4.0/../../../../avr/lib/avr5\libc.a
LOAD C:/Program Files (x86)/Atmel/Studio/7.0/Packs/atmel/ATmega_DFP/1.2.150/gcc/dev/atmega32/avr5\libatmega32.a
END GROUP
                0x00020000                __TEXT_REGION_LENGTH__ = DEFINED (__TEXT_REGION_LENGTH__)?__TEXT_REGION_LENGTH__:0x20000
                0x0000ffa0                __DATA_REGION_LENGTH__ = DEFINED (__DATA_REGION_LENGTH__)?__DATA_REGION_LENGTH__:0xffa0
                0x00010000                __EEPROM_REGION_LENGTH__ = DEFINED (__EEPROM_REGION_LENGTH__)?__EEPROM_REGION_LENGTH__:0x10000
                [0x00000002]                __FUSE_REGION_LENGTH__ = DEFINED (__FUSE_REGION_LENGTH__)?__FUSE_REGION_LENGTH__:0x400
                0x00000400                __LOCK_REGION_LENGTH__ = DEFINED (__LOCK_REGION_LENGTH__)?__LOCK_REGION_LENGTH__:0x400
                0x00000400                __SIGNATURE_REGION_LENGTH__ = DEFINED (__SIGNATURE_REGION_LENGTH__)?__SIGNATURE_REGION_LENGTH__:0x400
                0x00000400                __USER_SIGNATURE_REGION_LENGTH__ = DEFINED (__USER_SIGNATURE_REGION_LENGTH__)?__USER_SIGNATURE_REGION_LENGTH__:0x400

.hash
 *(.hash)

.dynsym
 *(.dynsym)

.dynstr
 *(.dynstr)

.gnu.version
 *(.gnu.version)

.gnu.version_d
 *(.gnu.version_d)

.gnu.version_r
 *(.gnu.version_r)

.rel.init
 *(.rel.init)

.rela.init
 *(.rela.init)

.rel.text
 *(.rel.text)
 *(.rel.text.*)
 *(.rel.gnu.linkonce.t*)

.rela.text
 *(.rela.text)
 *(.rela.text.*)
 *(.rela.gnu.linkonce.t*)

.rel.fini
 *(.rel.fini)

.rela.fini
 *(.rela.fini)

.rel.rodata
 *(.rel.rodata)
 *(.rel.rodata.*)
 *(.rel.gnu.linkonce.r*)

.rela.rodata
 *(.rela.rodata)
 *(.rela.rodata.*)
 *(.rela.gnu.linkonce.r*)

.rel.data
 *(.rel.data)
 *(.rel.data.*)
 *(.rel.gnu.linkonce.d*)

.rela.data
 *(.rela.data)
 *(.rela.data.*)
 *(.rela.gnu.linkonce.d*)

.rel.ctors
 *(.rel.ctors)

.rela.ctors
 *(.rela.ctors)

.rel.dtors
 *(.rel.dtors)

.rela.dtors
 *(.rela.dtors)

.rel.got
 *(.rel.got)

.rela.got
 *(.rela.got)

.rel.bss
 *(.rel.bss)

.rela.bss
 *(.rela.bss)

.rel.plt
 *(.rel.plt)

.rela.plt
 *(.rela.plt)

.text           0x00000000     0x1d62
 *(.vectors)
 .vectors       0x00000000       0x54 C:/Program Files (x86)/Atmel/Studio/7.0/Packs/atmel/ATmega_DFP/1.2.150/gcc/dev/atmega32/avr5/crtatmega32.o
                0x00000000                __vector_default
                0x00000000                __vectors
 *(.vectors)
 *(.progmem.gcc*)
 .progmem.gcc_sw_table.NVM_Main
                0x00000054       0x16 NVM.o
                0x0000006a                . = ALIGN (0x2)
                0x0000006a                __trampolines_start = .
 *(.trampolines)
 .trampolines   0x0000006a        0x0 linker stubs
 *(.trampolines*)
                0x0000006a                __trampolines_end = .
 *libprintf_flt.a:*(.progmem.data)
 *libc.a:*(.progmem.data)
 *(.progmem*)
                0x0000006a                . = ALIGN (0x2)
 *(.jumptables)
 *(.jumptables*)
 *(.lowtext)
 *(.lowtext*)
                0x0000006a                __ctors_start = .
 *(.ctors)
                0x0000006a                __ctors_end = .
                0x0000006a                __dtors_start = .
 *(.dtors)
                0x0000006a                __dtors_end = .
 SORT(*)(.ctors)
 SORT(*)(.dtors)
 *(.init0)
 .init0         0x0000006a        0x0 C:/Program Files (x86)/Atmel/Studio/7.0/Packs/atmel/ATmega_DFP/1.2.150/gcc/dev/atmega32/avr5/crtatmega32.o
                0x0000006a                __init
 *(.init0)
 *(.init1)
 *(.init1)
 *(.init2)
 .init2         0x0000006a        0xc C:/Program Files (x86)/Atmel/Studio/7.0/Packs/atmel/ATmega_DFP/1.2.150/gcc/dev/atmega32/avr5/crtatmega32.o
 *(.init2)
 *(.init3)
 *(.init3)
 *(.init4)
 .init4         0x00000076       0x16 c:/program files (x86)/atmel/studio/7.0/toolchain/avr8/avr8-gnu-toolchain/bin/../lib/gcc/avr/5.4.0/avr5\libgcc.a(_copy_data.o)
                0x00000076                __do_copy_data
 .init4         0x0000008c       0x10 c:/program files (x86)/atmel/studio/7.0/toolchain/avr8/avr8-gnu-toolchain/bin/../lib/gcc/avr/5.4.0/avr5\libgcc.a(_clear_bss.o)
                0x0000008c                __do_clear_bss
 *(.init4)
 *(.init5)
 *(.init5)
 *(.init6)
 *(.init6)
 *(.init7)
 *(.init7)
 *(.init8)
 *(.init8)
 *(.init9)
 .init9         0x0000009c        0x8 C:/Program Files (x86)/Atmel/Studio/7.0/Packs/atmel/ATmega_DFP/1.2.150/gcc/dev/atmega32/avr5/crtatmega32.o
 *(.init9)
 *(.text)
 .text          0x000000a4        0x4 C:/Program Files (x86)/Atmel/Studio/7.0/Packs/atmel/ATmega_DFP/1.2.150/gcc/dev/atmega32/avr5/crtatmega32.o
                0x000000a4                __vector_1
                0x000000a4                __vector_12
                0x000000a4                __bad_interrupt
                0x000000a4                __vector_6
                0x000000a4                __vector_3
                0x000000a4                __vector_11
                0x000000a4                __vector_13
                0x000000a4                __vector_19
                0x000000a4                __vector_5
                0x000000a4                __vector_4
                0x000000a4                __vector_9
                0x000000a4                __vector_2
                0x000000a4                __vector_15
                0x000000a4                __vector_8
                0x000000a4                __vector_14
                0x000000a4                __vector_10
                0x000000a4                __vector_16
                0x000000a4                __vector_18
                0x000000a4                __vector_20
                0x000000a8                . = ALIGN (0x2)
 *(.text.*)
 .text.App1_init
                0x000000a8        0xe App1.o
                0x000000a8                App1_init
 .text.App1_WriteCbk
                0x000000b6        0x8 App1.o
                0x000000b6                App1_WriteCbk
 .text.App1_ReadCbk
                0x000000be        0x8 App1.o
                0x000000be                App1_ReadCbk
 .text.App1_main
                0x000000c6       0xb2 App1.o
                0x000000c6                App1_main
 .text.App2_init
                0x00000178        0xe App2.o
                0x00000178                App2_init
 .text.App2_WriteCbk
                0x00000186        0x8 App2.o
                0x00000186                App2_WriteCbk
 .text.App2_ReadCbk
                0x0000018e        0x8 App2.o
                0x0000018e                App2_ReadCbk
 .text.App2_main
                0x00000196       0xb8 App2.o
                0x00000196                App2_main
 .text.BTN_Init
                0x0000024e        0xc Btn.o
                0x0000024e                BTN_Init
 .text.BTN_GetState
                0x0000025a       0x10 Btn.o
                0x0000025a                BTN_GetState
 .text.BTN_Manager
                0x0000026a       0x7a Btn.o
                0x0000026a                BTN_Manager
 .text.DIO_Init
                0x000002e4       0x5a DIO.o
                0x000002e4                DIO_Init
 .text.DIO_Write
                0x0000033e       0x30 DIO.o
                0x0000033e                DIO_Write
 .text.EEEXT_Init
                0x0000036e       0x20 EEPROM_EXT.o
                0x0000036e                EEEXT_Init
 .text.EEEXT_ReqWrite
                0x0000038e       0x42 EEPROM_EXT.o
                0x0000038e                EEEXT_ReqWrite
 .text.EEEXT_ReqRead
                0x000003d0       0x42 EEPROM_EXT.o
                0x000003d0                EEEXT_ReqRead
 .text.EEEXT_Main
                0x00000412      0x11c EEPROM_EXT.o
                0x00000412                EEEXT_Main
 .text.EEXT_ACtionDoneCallback
                0x0000052e       0x1c EEPROM_EXT.o
                0x0000052e                EEXT_ACtionDoneCallback
 .text.EEINT_Init
                0x0000054a        0xa EEPROM_INT.o
                0x0000054a                EEINT_Init
 .text.EEINT_ReqWrite
                0x00000554       0x40 EEPROM_INT.o
                0x00000554                EEINT_ReqWrite
 .text.EEINT_ReqRead
                0x00000594       0x42 EEPROM_INT.o
                0x00000594                EEINT_ReqRead
 .text.EEINT_Main
                0x000005d6       0xf0 EEPROM_INT.o
                0x000005d6                EEINT_Main
 .text.__vector_17
                0x000006c6       0x4e EEPROM_INT.o
                0x000006c6                __vector_17
 .text.pvPortMalloc
                0x00000714       0x4c heap_1.o
                0x00000714                pvPortMalloc
 .text.vPortFree
                0x00000760        0x2 heap_1.o
                0x00000760                vPortFree
 .text.I2C_Init
                0x00000762       0x9e I2C.o
                0x00000762                I2C_Init
 .text.I2C_ReqWrite
                0x00000800       0x44 I2C.o
                0x00000800                I2C_ReqWrite
 .text.I2C_ReqRead
                0x00000844       0x4e I2C.o
                0x00000844                I2C_ReqRead
 .text._delay_us
                0x00000892       0xaa lcd_4bit.o
 .text.WriteNipple
                0x0000093c       0x94 lcd_4bit.o
 .text.enableTrigger
                0x000009d0       0x2a lcd_4bit.o
                0x000009d0                enableTrigger
 .text.lcd_sendCommand
                0x000009fa       0x4a lcd_4bit.o
                0x000009fa                lcd_sendCommand
 .text.lcd_init
                0x00000a44       0x1a lcd_4bit.o
                0x00000a44                lcd_init
 .text.lcd_displayChar
                0x00000a5e       0x3e lcd_4bit.o
                0x00000a5e                lcd_displayChar
 .text.lcd_gotoxy
                0x00000a9c       0x16 lcd_4bit.o
                0x00000a9c                lcd_gotoxy
 .text.lcd_clrScreen
                0x00000ab2        0x8 lcd_4bit.o
                0x00000ab2                lcd_clrScreen
 .text.lcd_dispString
                0x00000aba       0x1e lcd_4bit.o
                0x00000aba                lcd_dispString
 .text.vListInitialise
                0x00000ad8       0x1c list.o
                0x00000ad8                vListInitialise
 .text.vListInitialiseItem
                0x00000af4        0x8 list.o
                0x00000af4                vListInitialiseItem
 .text.vListInsertEnd
                0x00000afc       0x4e list.o
                0x00000afc                vListInsertEnd
 .text.vListInsert
                0x00000b4a       0x76 list.o
                0x00000b4a                vListInsert
 .text.vListRemove
                0x00000bc0       0x4c list.o
                0x00000bc0                vListRemove
 .text.Main_WriteAllDone
                0x00000c0c        0x8 main.o
                0x00000c0c                Main_WriteAllDone
 .text.Main_ReadAllDone
                0x00000c14        0x8 main.o
                0x00000c14                Main_ReadAllDone
 .text.main     0x00000c1c       0x50 main.o
                0x00000c1c                main
 .text.Main_Main
                0x00000c6c       0xde main.o
                0x00000c6c                Main_Main
 .text.task1_code
                0x00000d4a       0x1e main.o
                0x00000d4a                task1_code
 .text.MEMIF_Init
                0x00000d68       0x18 MEM_IF.o
                0x00000d68                MEMIF_Init
 .text.MEMIF_ReqWriteBlock
                0x00000d80       0x54 MEM_IF.o
                0x00000d80                MEMIF_ReqWriteBlock
 .text.MEMIF_ReqReadBlock
                0x00000dd4       0x54 MEM_IF.o
                0x00000dd4                MEMIF_ReqReadBlock
 .text.MEMIF_Main
                0x00000e28       0x90 MEM_IF.o
                0x00000e28                MEMIF_Main
 .text.MEMIF_IntEepromWriteCbk
                0x00000eb8       0x16 MEM_IF.o
                0x00000eb8                MEMIF_IntEepromWriteCbk
 .text.MEMIF_IntEepromReadCbk
                0x00000ece       0x16 MEM_IF.o
                0x00000ece                MEMIF_IntEepromReadCbk
 .text.MEMIF_ExtEepromWriteCbk
                0x00000ee4       0x16 MEM_IF.o
                0x00000ee4                MEMIF_ExtEepromWriteCbk
 .text.MEMIF_ExtEepromReadCbk
                0x00000efa       0x16 MEM_IF.o
                0x00000efa                MEMIF_ExtEepromReadCbk
 .text.NVM_Init
                0x00000f10       0x18 NVM.o
                0x00000f10                NVM_Init
 .text.NVM_ReadAll
                0x00000f28       0x26 NVM.o
                0x00000f28                NVM_ReadAll
 .text.NVM_WriteAll
                0x00000f4e       0x28 NVM.o
                0x00000f4e                NVM_WriteAll
 .text.NVM_ReadBlock
                0x00000f76       0x32 NVM.o
                0x00000f76                NVM_ReadBlock
 .text.NVM_WriteBlock
                0x00000fa8       0x32 NVM.o
                0x00000fa8                NVM_WriteBlock
 .text.NVM_Main
                0x00000fda      0x27c NVM.o
                0x00000fda                NVM_Main
 .text.NVM_WriteBlockDoneNotif
                0x00001256        0x8 NVM.o
                0x00001256                NVM_WriteBlockDoneNotif
 .text.NVM_ReadBlockDoneNotif
                0x0000125e        0x8 NVM.o
                0x0000125e                NVM_ReadBlockDoneNotif
 .text.pxPortInitialiseStack
                0x00001266       0xd8 port.o
                0x00001266                pxPortInitialiseStack
 .text.xPortStartScheduler
                0x0000133e       0x6a port.o
                0x0000133e                xPortStartScheduler
 .text.vPortYield
                0x000013a8       0xb2 port.o
                0x000013a8                vPortYield
 .text.vPortYieldFromTick
                0x0000145a       0xb6 port.o
                0x0000145a                vPortYieldFromTick
 .text.__vector_7
                0x00001510        0x6 port.o
                0x00001510                __vector_7
 .text.prvAddCurrentTaskToDelayedList
                0x00001516       0x6e tasks.o
 .text.xTaskGenericCreate
                0x00001584      0x202 tasks.o
                0x00001584                xTaskGenericCreate
 .text.vTaskStartScheduler
                0x00001786       0x56 tasks.o
                0x00001786                vTaskStartScheduler
 .text.vTaskSuspendAll
                0x000017dc        0xc tasks.o
                0x000017dc                vTaskSuspendAll
 .text.vTaskIncrementTick
                0x000017e8      0x188 tasks.o
                0x000017e8                vTaskIncrementTick
 .text.xTaskResumeAll
                0x00001970      0x10c tasks.o
                0x00001970                xTaskResumeAll
 .text.vTaskDelay
                0x00001a7c       0x40 tasks.o
                0x00001a7c                vTaskDelay
 .text.prvIdleTask
                0x00001abc       0x60 tasks.o
 .text.vTaskSwitchContext
                0x00001b1c       0xd8 tasks.o
                0x00001b1c                vTaskSwitchContext
 .text.libgcc.div
                0x00001bf4       0x28 c:/program files (x86)/atmel/studio/7.0/toolchain/avr8/avr8-gnu-toolchain/bin/../lib/gcc/avr/5.4.0/avr5\libgcc.a(_divmodhi4.o)
                0x00001bf4                _div
                0x00001bf4                __divmodhi4
 .text.libgcc.div
                0x00001c1c       0x44 c:/program files (x86)/atmel/studio/7.0/toolchain/avr8/avr8-gnu-toolchain/bin/../lib/gcc/avr/5.4.0/avr5\libgcc.a(_udivmodsi4.o)
                0x00001c1c                __udivmodsi4
 .text.libgcc   0x00001c60        0xc c:/program files (x86)/atmel/studio/7.0/toolchain/avr8/avr8-gnu-toolchain/bin/../lib/gcc/avr/5.4.0/avr5\libgcc.a(_tablejump2.o)
                0x00001c60                __tablejump2__
 .text.libgcc.mul
                0x00001c6c       0x16 c:/program files (x86)/atmel/studio/7.0/toolchain/avr8/avr8-gnu-toolchain/bin/../lib/gcc/avr/5.4.0/avr5\libgcc.a(_muluhisi3.o)
                0x00001c6c                __muluhisi3
 .text.libgcc.div
                0x00001c82       0x28 c:/program files (x86)/atmel/studio/7.0/toolchain/avr8/avr8-gnu-toolchain/bin/../lib/gcc/avr/5.4.0/avr5\libgcc.a(_udivmodhi4.o)
                0x00001c82                __udivmodhi4
 .text.libgcc.mul
                0x00001caa       0x1e c:/program files (x86)/atmel/studio/7.0/toolchain/avr8/avr8-gnu-toolchain/bin/../lib/gcc/avr/5.4.0/avr5\libgcc.a(_umulhisi3.o)
                0x00001caa                __umulhisi3
 .text.avr-libc
                0x00001cc8        0xe c:/program files (x86)/atmel/studio/7.0/toolchain/avr8/avr8-gnu-toolchain/bin/../lib/gcc/avr/5.4.0/../../../../avr/lib/avr5\libc.a(memset.o)
                0x00001cc8                memset
 .text.avr-libc
                0x00001cd6       0x1e c:/program files (x86)/atmel/studio/7.0/toolchain/avr8/avr8-gnu-toolchain/bin/../lib/gcc/avr/5.4.0/../../../../avr/lib/avr5\libc.a(strncpy.o)
                0x00001cd6                strncpy
 .text.avr-libc
                0x00001cf4       0x16 c:/program files (x86)/atmel/studio/7.0/toolchain/avr8/avr8-gnu-toolchain/bin/../lib/gcc/avr/5.4.0/../../../../avr/lib/avr5\libc.a(itoa_ncheck.o)
                0x00001cf4                __itoa_ncheck
 .text.avr-libc
                0x00001d0a       0x34 c:/program files (x86)/atmel/studio/7.0/toolchain/avr8/avr8-gnu-toolchain/bin/../lib/gcc/avr/5.4.0/../../../../avr/lib/avr5\libc.a(utoa_ncheck.o)
                0x00001d0a                __utoa_ncheck
                0x00001d0c                __utoa_common
 .text.avr-libc
                0x00001d3e       0x20 c:/program files (x86)/atmel/studio/7.0/toolchain/avr8/avr8-gnu-toolchain/bin/../lib/gcc/avr/5.4.0/../../../../avr/lib/avr5\libc.a(strrev.o)
                0x00001d3e                strrev
                0x00001d5e                . = ALIGN (0x2)
 *(.fini9)
 .fini9         0x00001d5e        0x0 c:/program files (x86)/atmel/studio/7.0/toolchain/avr8/avr8-gnu-toolchain/bin/../lib/gcc/avr/5.4.0/avr5\libgcc.a(_exit.o)
                0x00001d5e                _exit
                0x00001d5e                exit
 *(.fini9)
 *(.fini8)
 *(.fini8)
 *(.fini7)
 *(.fini7)
 *(.fini6)
 *(.fini6)
 *(.fini5)
 *(.fini5)
 *(.fini4)
 *(.fini4)
 *(.fini3)
 *(.fini3)
 *(.fini2)
 *(.fini2)
 *(.fini1)
 *(.fini1)
 *(.fini0)
 .fini0         0x00001d5e        0x4 c:/program files (x86)/atmel/studio/7.0/toolchain/avr8/avr8-gnu-toolchain/bin/../lib/gcc/avr/5.4.0/avr5\libgcc.a(_exit.o)
 *(.fini0)
                0x00001d62                _etext = .

.data           0x00800060       0xc4 load address 0x00001d62
                0x00800060                PROVIDE (__data_start, .)
 *(.data)
 *(.data*)
 .data.gu8_MainFuncStatus.1652
                0x00800060        0x1 EEPROM_EXT.o
 .data.NVM_GlobalCallbacks
                0x00800061        0x4 NVM_Cfg.o
                0x00800061                NVM_GlobalCallbacks
 .data.NVM_BlocConfig
                0x00800065       0x10 NVM_Cfg.o
                0x00800065                NVM_BlocConfig
 .data.xNextTaskUnblockTime
                0x00800075        0x2 tasks.o
 *(.gnu.linkonce.d*)
 *(.rodata)
 *(.rodata*)
 .rodata.LUT    0x00800077        0x4 DIO.o
 .rodata.DIO_ConfigParam
                0x0080007b       0x30 DIO_Cfg.o
                0x0080007b                DIO_ConfigParam
 .rodata.EEXT_ConfigParam
                0x008000ab        0x4 EEPROM_EXT_Cfg.o
                0x008000ab                EEXT_ConfigParam
 .rodata.EEINT_ConfigParam
                0x008000af        0x4 EEPROM_INT_Cfg.o
                0x008000af                EEINT_ConfigParam
 .rodata.I2C_ConfigParam
                0x008000b3        0xc I2C_Cfg.o
                0x008000b3                I2C_ConfigParam
 .rodata.str1.1
                0x008000bf       0x51 main.o
 .rodata.MEMIF_ConfigParam
                0x00800110        0x6 MEM_IF_Cfg.o
                0x00800110                MEMIF_ConfigParam
 .rodata.MEMIF_BlockConfig
                0x00800116        0x8 MEM_IF_Cfg.o
                0x00800116                MEMIF_BlockConfig
 .rodata.str1.1
                0x0080011e        0x5 tasks.o
 *(.gnu.linkonce.r*)
                0x00800124                . = ALIGN (0x2)
 *fill*         0x00800123        0x1 
                0x00800124                _edata = .
                0x00800124                PROVIDE (__data_end, .)

.bss            0x00800124      0x2e5
                0x00800124                PROVIDE (__bss_start, .)
 *(.bss)
 *(.bss*)
 .bss.CounterData.1868
                0x00800124        0x1 App1.o
 .bss.DataReadFlag
                0x00800125        0x1 App1.o
 .bss.DateWriteFlag
                0x00800126        0x1 App1.o
 .bss.State     0x00800127        0x1 App1.o
 .bss.CounterData.1902
                0x00800128        0x1 App2.o
 .bss.DataReadFlag
                0x00800129        0x1 App2.o
 .bss.DateWriteFlag
                0x0080012a        0x1 App2.o
 .bss.State     0x0080012b        0x1 App2.o
 .bss.au8_btn3state.1667
                0x0080012c        0x1 Btn.o
 .bss.au8_btn2state.1666
                0x0080012d        0x1 Btn.o
 .bss.au8_btn1state.1665
                0x0080012e        0x1 Btn.o
 .bss.Array_state
                0x0080012f        0x3 Btn.o
 .bss.gu8_WaitFlag
                0x00800132        0x1 EEPROM_EXT.o
 .bss.gu8_OperationFlag
                0x00800133        0x1 EEPROM_EXT.o
 .bss.gu8ptr_DataPtr
                0x00800134        0x2 EEPROM_EXT.o
 .bss.gu8_Length
                0x00800136        0x1 EEPROM_EXT.o
 .bss.gu8_PhyAddress
                0x00800137        0x1 EEPROM_EXT.o
 .bss.au8_readcounter.1661
                0x00800138        0x1 EEPROM_INT.o
 .bss.au8_writecounter.1660
                0x00800139        0x1 EEPROM_INT.o
 .bss.gu8_Length
                0x0080013a        0x1 EEPROM_INT.o
 .bss.gu8_readptr
                0x0080013b        0x2 EEPROM_INT.o
 .bss.gau8_DataPtr
                0x0080013d        0x2 EEPROM_INT.o
 .bss.gu8_startadress
                0x0080013f        0x1 EEPROM_INT.o
 .bss.gu8_READCOMPLETED
                0x00800140        0x1 EEPROM_INT.o
 .bss.gu8_buzyflag
                0x00800141        0x1 EEPROM_INT.o
 .bss.gu8_stateflag
                0x00800142        0x1 EEPROM_INT.o
 .bss.gu8_initfalg
                0x00800143        0x1 EEPROM_INT.o
 .bss.xNextFreeByte
                0x00800144        0x2 heap_1.o
 .bss.xHeap     0x00800146      0x258 heap_1.o
 .bss.Clb_Ptr   0x0080039e        0x2 I2C.o
                0x0080039e                Clb_Ptr
 .bss.WriteAllDone
                0x008003a0        0x1 main.o
 .bss.ReadAllDone
                0x008003a1        0x1 main.o
 .bss.SystemState
                0x008003a2        0x1 main.o
 .bss.gu8_MainFuncStatus
                0x008003a3        0x1 MEM_IF.o
 .bss.gu8_BlockNum
                0x008003a4        0x1 MEM_IF.o
 .bss.gu8_DataPtr
                0x008003a5        0x2 MEM_IF.o
 .bss.gu8_READ_BLOCK_FLAG
                0x008003a7        0x1 MEM_IF.o
 .bss.gu8_WriteBlockFlag
                0x008003a8        0x1 MEM_IF.o
 .bss.au8_ID_count.1721
                0x008003a9        0x1 NVM.o
 .bss.au8_LEN_Count.1722
                0x008003aa        0x1 NVM.o
 .bss.gu8_ReadDone
                0x008003ab        0x1 NVM.o
 .bss.gu8_WriteDone
                0x008003ac        0x1 NVM.o
 .bss.gu8ptr_WriteData
                0x008003ad        0x2 NVM.o
 .bss.gu8_Write_ID
                0x008003af        0x1 NVM.o
 .bss.gu8ptr_ReadData
                0x008003b0        0x2 NVM.o
 .bss.gu8_Read_ID
                0x008003b2        0x1 NVM.o
 .bss.gu8_NVMbusy_flag
                0x008003b3        0x1 NVM.o
 .bss.gu8_NVM_INIT_Flag
                0x008003b4        0x1 NVM.o
 .bss.gu8_NVM_SM
                0x008003b5        0x1 NVM.o
 .bss.Counter2RamMirrorBlock
                0x008003b6        0x1 NVM_USER.o
                0x008003b6                Counter2RamMirrorBlock
 .bss.Counter1RamMirrorBlock
                0x008003b7        0x1 NVM_USER.o
                0x008003b7                Counter1RamMirrorBlock
 .bss.uxTaskNumber
                0x008003b8        0x1 tasks.o
 .bss.xNumOfOverflows
                0x008003b9        0x1 tasks.o
 .bss.xMissedYield
                0x008003ba        0x1 tasks.o
 .bss.uxMissedTicks
                0x008003bb        0x1 tasks.o
 .bss.uxSchedulerSuspended
                0x008003bc        0x1 tasks.o
 .bss.xSchedulerRunning
                0x008003bd        0x1 tasks.o
 .bss.uxTopReadyPriority
                0x008003be        0x1 tasks.o
 .bss.uxTopUsedPriority
                0x008003bf        0x1 tasks.o
 .bss.xTickCount
                0x008003c0        0x2 tasks.o
 .bss.uxCurrentNumberOfTasks
                0x008003c2        0x1 tasks.o
 .bss.uxTasksDeleted
                0x008003c3        0x1 tasks.o
 .bss.xTasksWaitingTermination
                0x008003c4        0x9 tasks.o
 .bss.xPendingReadyList
                0x008003cd        0x9 tasks.o
 .bss.pxOverflowDelayedTaskList
                0x008003d6        0x2 tasks.o
 .bss.pxDelayedTaskList
                0x008003d8        0x2 tasks.o
 .bss.xDelayedTaskList2
                0x008003da        0x9 tasks.o
 .bss.xDelayedTaskList1
                0x008003e3        0x9 tasks.o
 .bss.pxReadyTasksLists
                0x008003ec       0x1b tasks.o
 .bss.pxCurrentTCB
                0x00800407        0x2 tasks.o
                0x00800407                pxCurrentTCB
 *(COMMON)
                0x00800409                PROVIDE (__bss_end, .)
                0x00001d62                __data_load_start = LOADADDR (.data)
                0x00001e26                __data_load_end = (__data_load_start + SIZEOF (.data))

.noinit         0x00800409        0x0
                [!provide]                PROVIDE (__noinit_start, .)
 *(.noinit*)
                [!provide]                PROVIDE (__noinit_end, .)
                0x00800409                _end = .
                [!provide]                PROVIDE (__heap_start, .)

.eeprom         0x00810000        0x0
 *(.eeprom*)
                0x00810000                __eeprom_end = .

.fuse
 *(.fuse)
 *(.lfuse)
 *(.hfuse)
 *(.efuse)

.lock
 *(.lock*)

.signature
 *(.signature*)

.user_signatures
 *(.user_signatures*)

.stab
 *(.stab)

.stabstr
 *(.stabstr)

.stab.excl
 *(.stab.excl)

.stab.exclstr
 *(.stab.exclstr)

.stab.index
 *(.stab.index)

.stab.indexstr
 *(.stab.indexstr)

.comment        0x00000000       0x30
 *(.comment)
 .comment       0x00000000       0x30 App1.o
                                 0x31 (size before relaxing)
 .comment       0x00000030       0x31 App2.o
 .comment       0x00000030       0x31 Btn.o
 .comment       0x00000030       0x31 DIO.o
 .comment       0x00000030       0x31 DIO_Cfg.o
 .comment       0x00000030       0x31 EEPROM_EXT.o
 .comment       0x00000030       0x31 EEPROM_EXT_Cfg.o
 .comment       0x00000030       0x31 EEPROM_INT.o
 .comment       0x00000030       0x31 EEPROM_INT_Cfg.o
 .comment       0x00000030       0x31 heap_1.o
 .comment       0x00000030       0x31 I2C.o
 .comment       0x00000030       0x31 I2C_Cfg.o
 .comment       0x00000030       0x31 lcd_4bit.o
 .comment       0x00000030       0x31 list.o
 .comment       0x00000030       0x31 main.o
 .comment       0x00000030       0x31 MEM_IF.o
 .comment       0x00000030       0x31 MEM_IF_Cfg.o
 .comment       0x00000030       0x31 NVM.o
 .comment       0x00000030       0x31 NVM_Cfg.o
 .comment       0x00000030       0x31 NVM_USER.o
 .comment       0x00000030       0x31 port.o
 .comment       0x00000030       0x31 tasks.o

.note.gnu.avr.deviceinfo
                0x00000000       0x3c
 .note.gnu.avr.deviceinfo
                0x00000000       0x3c C:/Program Files (x86)/Atmel/Studio/7.0/Packs/atmel/ATmega_DFP/1.2.150/gcc/dev/atmega32/avr5/crtatmega32.o

.note.gnu.build-id
 *(.note.gnu.build-id)

.debug
 *(.debug)

.line
 *(.line)

.debug_srcinfo
 *(.debug_srcinfo)

.debug_sfnames
 *(.debug_sfnames)

.debug_aranges  0x00000000      0x508
 *(.debug_aranges)
 .debug_aranges
                0x00000000       0x38 App1.o
 .debug_aranges
                0x00000038       0x38 App2.o
 .debug_aranges
                0x00000070       0x30 Btn.o
 .debug_aranges
                0x000000a0       0x30 DIO.o
 .debug_aranges
                0x000000d0       0x18 DIO_Cfg.o
 .debug_aranges
                0x000000e8       0x40 EEPROM_EXT.o
 .debug_aranges
                0x00000128       0x18 EEPROM_EXT_Cfg.o
 .debug_aranges
                0x00000140       0x40 EEPROM_INT.o
 .debug_aranges
                0x00000180       0x18 EEPROM_INT_Cfg.o
 .debug_aranges
                0x00000198       0x38 heap_1.o
 .debug_aranges
                0x000001d0       0x38 I2C.o
 .debug_aranges
                0x00000208       0x18 I2C_Cfg.o
 .debug_aranges
                0x00000220       0x68 lcd_4bit.o
 .debug_aranges
                0x00000288       0x40 list.o
 .debug_aranges
                0x000002c8       0x48 main.o
 .debug_aranges
                0x00000310       0x58 MEM_IF.o
 .debug_aranges
                0x00000368       0x18 MEM_IF_Cfg.o
 .debug_aranges
                0x00000380       0x58 NVM.o
 .debug_aranges
                0x000003d8       0x18 NVM_Cfg.o
 .debug_aranges
                0x000003f0       0x18 NVM_USER.o
 .debug_aranges
                0x00000408       0x48 port.o
 .debug_aranges
                0x00000450       0xb8 tasks.o

.debug_pubnames
 *(.debug_pubnames)

.debug_info     0x00000000     0x470d
 *(.debug_info .gnu.linkonce.wi.*)
 .debug_info    0x00000000      0x4e6 C:/Program Files (x86)/Atmel/Studio/7.0/Packs/atmel/ATmega_DFP/1.2.150/gcc/dev/atmega32/avr5/crtatmega32.o
 .debug_info    0x000004e6      0x352 App1.o
 .debug_info    0x00000838      0x358 App2.o
 .debug_info    0x00000b90      0x17b Btn.o
 .debug_info    0x00000d0b      0x18a DIO.o
 .debug_info    0x00000e95       0xa4 DIO_Cfg.o
 .debug_info    0x00000f39      0x333 EEPROM_EXT.o
 .debug_info    0x0000126c       0xb0 EEPROM_EXT_Cfg.o
 .debug_info    0x0000131c      0x2b0 EEPROM_INT.o
 .debug_info    0x000015cc       0xb0 EEPROM_INT_Cfg.o
 .debug_info    0x0000167c      0x1a7 heap_1.o
 .debug_info    0x00001823      0x261 I2C.o
 .debug_info    0x00001a84       0xd3 I2C_Cfg.o
 .debug_info    0x00001b57      0x4ff lcd_4bit.o
 .debug_info    0x00002056      0x2c1 list.o
 .debug_info    0x00002317      0x566 main.o
 .debug_info    0x0000287d      0x437 MEM_IF.o
 .debug_info    0x00002cb4      0x172 MEM_IF_Cfg.o
 .debug_info    0x00002e26      0x3b6 NVM.o
 .debug_info    0x000031dc      0x15e NVM_Cfg.o
 .debug_info    0x0000333a       0x60 NVM_USER.o
 .debug_info    0x0000339a      0x23e port.o
 .debug_info    0x000035d8     0x1135 tasks.o

.debug_abbrev   0x00000000     0x1c47
 *(.debug_abbrev)
 .debug_abbrev  0x00000000      0x4a3 C:/Program Files (x86)/Atmel/Studio/7.0/Packs/atmel/ATmega_DFP/1.2.150/gcc/dev/atmega32/avr5/crtatmega32.o
 .debug_abbrev  0x000004a3      0x1a5 App1.o
 .debug_abbrev  0x00000648      0x1a5 App2.o
 .debug_abbrev  0x000007ed       0xb3 Btn.o
 .debug_abbrev  0x000008a0       0xed DIO.o
 .debug_abbrev  0x0000098d       0x6e DIO_Cfg.o
 .debug_abbrev  0x000009fb      0x16b EEPROM_EXT.o
 .debug_abbrev  0x00000b66       0x77 EEPROM_EXT_Cfg.o
 .debug_abbrev  0x00000bdd      0x140 EEPROM_INT.o
 .debug_abbrev  0x00000d1d       0x77 EEPROM_INT_Cfg.o
 .debug_abbrev  0x00000d94      0x136 heap_1.o
 .debug_abbrev  0x00000eca      0x13f I2C.o
 .debug_abbrev  0x00001009       0x77 I2C_Cfg.o
 .debug_abbrev  0x00001080      0x135 lcd_4bit.o
 .debug_abbrev  0x000011b5       0xf6 list.o
 .debug_abbrev  0x000012ab      0x137 main.o
 .debug_abbrev  0x000013e2      0x15f MEM_IF.o
 .debug_abbrev  0x00001541       0xa1 MEM_IF_Cfg.o
 .debug_abbrev  0x000015e2      0x166 NVM.o
 .debug_abbrev  0x00001748       0x93 NVM_Cfg.o
 .debug_abbrev  0x000017db       0x3e NVM_USER.o
 .debug_abbrev  0x00001819      0x155 port.o
 .debug_abbrev  0x0000196e      0x2d9 tasks.o

.debug_line     0x00000000     0x2684
 *(.debug_line .debug_line.* .debug_line_end)
 .debug_line    0x00000000      0x115 C:/Program Files (x86)/Atmel/Studio/7.0/Packs/atmel/ATmega_DFP/1.2.150/gcc/dev/atmega32/avr5/crtatmega32.o
 .debug_line    0x00000115      0x187 App1.o
 .debug_line    0x0000029c      0x19c App2.o
 .debug_line    0x00000438      0x10a Btn.o
 .debug_line    0x00000542       0xc4 DIO.o
 .debug_line    0x00000606       0x35 DIO_Cfg.o
 .debug_line    0x0000063b      0x233 EEPROM_EXT.o
 .debug_line    0x0000086e       0x43 EEPROM_EXT_Cfg.o
 .debug_line    0x000008b1      0x241 EEPROM_INT.o
 .debug_line    0x00000af2       0x43 EEPROM_INT_Cfg.o
 .debug_line    0x00000b35      0x131 heap_1.o
 .debug_line    0x00000c66      0x225 I2C.o
 .debug_line    0x00000e8b       0x35 I2C_Cfg.o
 .debug_line    0x00000ec0      0x21b lcd_4bit.o
 .debug_line    0x000010db      0x168 list.o
 .debug_line    0x00001243      0x263 main.o
 .debug_line    0x000014a6      0x2d6 MEM_IF.o
 .debug_line    0x0000177c       0x4a MEM_IF_Cfg.o
 .debug_line    0x000017c6      0x38b NVM.o
 .debug_line    0x00001b51       0x43 NVM_Cfg.o
 .debug_line    0x00001b94       0x2d NVM_USER.o
 .debug_line    0x00001bc1      0x288 port.o
 .debug_line    0x00001e49      0x83b tasks.o

.debug_frame    0x00000000      0x948
 *(.debug_frame)
 .debug_frame   0x00000000       0x64 App1.o
 .debug_frame   0x00000064       0x64 App2.o
 .debug_frame   0x000000c8       0x44 Btn.o
 .debug_frame   0x0000010c       0x50 DIO.o
 .debug_frame   0x0000015c       0x64 EEPROM_EXT.o
 .debug_frame   0x000001c0       0x84 EEPROM_INT.o
 .debug_frame   0x00000244       0x60 heap_1.o
 .debug_frame   0x000002a4       0x68 I2C.o
 .debug_frame   0x0000030c      0x124 lcd_4bit.o
 .debug_frame   0x00000430       0x7c list.o
 .debug_frame   0x000004ac       0x84 main.o
 .debug_frame   0x00000530       0x94 MEM_IF.o
 .debug_frame   0x000005c4       0xa0 NVM.o
 .debug_frame   0x00000664       0x74 port.o
 .debug_frame   0x000006d8      0x270 tasks.o

.debug_str      0x00000000     0x1726
 *(.debug_str)
 .debug_str     0x00000000      0x196 C:/Program Files (x86)/Atmel/Studio/7.0/Packs/atmel/ATmega_DFP/1.2.150/gcc/dev/atmega32/avr5/crtatmega32.o
 .debug_str     0x00000196      0x258 App1.o
                                0x29c (size before relaxing)
 .debug_str     0x000003ee       0x43 App2.o
                                0x2a4 (size before relaxing)
 .debug_str     0x00000431       0x68 Btn.o
                                0x229 (size before relaxing)
 .debug_str     0x00000499       0x7e DIO.o
                                0x1aa (size before relaxing)
 .debug_str     0x00000517        0xf DIO_Cfg.o
                                0x16f (size before relaxing)
 .debug_str     0x00000526      0x1a1 EEPROM_EXT.o
                                0x33f (size before relaxing)
 .debug_str     0x000006c7       0x16 EEPROM_EXT_Cfg.o
                                0x1da (size before relaxing)
 .debug_str     0x000006dd      0x152 EEPROM_INT.o
                                0x30f (size before relaxing)
 .debug_str     0x0000082f       0x16 EEPROM_INT_Cfg.o
                                0x1db (size before relaxing)
 .debug_str     0x00000845       0xb9 heap_1.o
                                0x249 (size before relaxing)
 .debug_str     0x000008fe       0xc4 I2C.o
                                0x28c (size before relaxing)
 .debug_str     0x000009c2        0xf I2C_Cfg.o
                                0x1ec (size before relaxing)
 .debug_str     0x000009d1       0xbd lcd_4bit.o
                                0x232 (size before relaxing)
 .debug_str     0x00000a8e      0x137 list.o
                                0x2b1 (size before relaxing)
 .debug_str     0x00000bc5       0xcd main.o
                                0x371 (size before relaxing)
 .debug_str     0x00000c92      0x23d MEM_IF.o
                                0x472 (size before relaxing)
 .debug_str     0x00000ecf       0x24 MEM_IF_Cfg.o
                                0x28a (size before relaxing)
 .debug_str     0x00000ef3      0x1bc NVM.o
                                0x3c7 (size before relaxing)
 .debug_str     0x000010af       0x3d NVM_Cfg.o
                                0x281 (size before relaxing)
 .debug_str     0x000010ec       0x10 NVM_USER.o
                                0x15d (size before relaxing)
 .debug_str     0x000010fc      0x109 port.o
                                0x2ae (size before relaxing)
 .debug_str     0x00001205      0x521 tasks.o
                                0x8a9 (size before relaxing)

.debug_loc      0x00000000     0x21e0
 *(.debug_loc)
 .debug_loc     0x00000000       0x8e App1.o
 .debug_loc     0x0000008e       0x8e App2.o
 .debug_loc     0x0000011c       0x38 Btn.o
 .debug_loc     0x00000154       0xcf DIO.o
 .debug_loc     0x00000223      0x1f8 EEPROM_EXT.o
 .debug_loc     0x0000041b      0x17b EEPROM_INT.o
 .debug_loc     0x00000596       0xf1 heap_1.o
 .debug_loc     0x00000687      0x228 I2C.o
 .debug_loc     0x000008af      0x4f7 lcd_4bit.o
 .debug_loc     0x00000da6       0xfe list.o
 .debug_loc     0x00000ea4       0x48 main.o
 .debug_loc     0x00000eec      0x2ba MEM_IF.o
 .debug_loc     0x000011a6      0x153 NVM.o
 .debug_loc     0x000012f9      0x2a0 port.o
 .debug_loc     0x00001599      0xc47 tasks.o

.debug_macinfo
 *(.debug_macinfo)

.debug_weaknames
 *(.debug_weaknames)

.debug_funcnames
 *(.debug_funcnames)

.debug_typenames
 *(.debug_typenames)

.debug_varnames
 *(.debug_varnames)

.debug_pubtypes
 *(.debug_pubtypes)

.debug_ranges   0x00000000      0x3d0
 *(.debug_ranges)
 .debug_ranges  0x00000000       0x28 App1.o
 .debug_ranges  0x00000028       0x28 App2.o
 .debug_ranges  0x00000050       0x20 Btn.o
 .debug_ranges  0x00000070       0x20 DIO.o
 .debug_ranges  0x00000090       0x30 EEPROM_EXT.o
 .debug_ranges  0x000000c0       0x30 EEPROM_INT.o
 .debug_ranges  0x000000f0       0x28 heap_1.o
 .debug_ranges  0x00000118       0x58 I2C.o
 .debug_ranges  0x00000170       0x58 lcd_4bit.o
 .debug_ranges  0x000001c8       0x30 list.o
 .debug_ranges  0x000001f8       0x38 main.o
 .debug_ranges  0x00000230       0x48 MEM_IF.o
 .debug_ranges  0x00000278       0x48 NVM.o
 .debug_ranges  0x000002c0       0x38 port.o
 .debug_ranges  0x000002f8       0xd8 tasks.o

.debug_macro
 *(.debug_macro)
OUTPUT(Memory_interface_app.elf elf32-avr)
LOAD linker stubs
